Archive member included because of file (symbol)

C:\WinAVR\bin\..\lib\gcc-lib\avr\3.3\libgcc.a(_copy_data.o)
                              demo.o (__do_copy_data)
C:\WinAVR\bin\..\lib\gcc-lib\avr\3.3\libgcc.a(_clear_bss.o)
                              demo.o (__do_clear_bss)

Allocating common symbols
Common symbol       size              file

direction           0x1               demo.o
pwm                 0x2               demo.o

Memory Configuration

Name             Origin             Length             Attributes
text             0x00000000         0x00002000         xr
data             0x00800060         0x0000ffa0         rw !x
eeprom           0x00810000         0x00010000         rw !x
*default*        0x00000000         0xffffffff

Linker script and memory map

LOAD C:\WinAVR\bin\..\lib\gcc-lib\avr\3.3\..\..\..\..\avr\lib\crts2313.o
LOAD demo.o
LOAD C:\WinAVR\bin\..\lib\gcc-lib\avr\3.3\libgcc.a
LOAD C:\WinAVR\bin\..\lib\gcc-lib\avr\3.3\..\..\..\..\avr\lib\libc.a
LOAD C:\WinAVR\bin\..\lib\gcc-lib\avr\3.3\libgcc.a

.hash
 *(.hash)

.dynsym
 *(.dynsym)

.dynstr
 *(.dynstr)

.gnu.version
 *(.gnu.version)

.gnu.version_d
 *(.gnu.version_d)

.gnu.version_r
 *(.gnu.version_r)

.rel.init
 *(.rel.init)

.rela.init
 *(.rela.init)

.rel.text
 *(.rel.text)
 *(.rel.text.*)
 *(.rel.gnu.linkonce.t*)

.rela.text
 *(.rela.text)
 *(.rela.text.*)
 *(.rela.gnu.linkonce.t*)

.rel.fini
 *(.rel.fini)

.rela.fini
 *(.rela.fini)

.rel.rodata
 *(.rel.rodata)
 *(.rel.rodata.*)
 *(.rel.gnu.linkonce.r*)

.rela.rodata
 *(.rela.rodata)
 *(.rela.rodata.*)
 *(.rela.gnu.linkonce.r*)

.rel.data
 *(.rel.data)
 *(.rel.data.*)
 *(.rel.gnu.linkonce.d*)

.rela.data
 *(.rela.data)
 *(.rela.data.*)
 *(.rela.gnu.linkonce.d*)

.rel.ctors
 *(.rel.ctors)

.rela.ctors
 *(.rela.ctors)

.rel.dtors
 *(.rel.dtors)

.rela.dtors
 *(.rela.dtors)

.rel.got
 *(.rel.got)

.rela.got
 *(.rela.got)

.rel.bss
 *(.rel.bss)

.rela.bss
 *(.rela.bss)

.rel.plt
 *(.rel.plt)

.rela.plt
 *(.rela.plt)

.text           0x00000000       0xf2
 *(.vectors)
 .vectors       0x00000000       0x16 C:\WinAVR\bin\..\lib\gcc-lib\avr\3.3\..\..\..\..\avr\lib\crts2313.o
                0x00000000                __vectors
                0x00000000                __vector_default
                0x00000016                __ctors_start = .
 *(.ctors)
                0x00000016                __ctors_end = .
                0x00000016                __dtors_start = .
 *(.dtors)
                0x00000016                __dtors_end = .
 *(.progmem.gcc*)
 *(.progmem*)
                0x00000016                . = ALIGN (0x2)
 *(.init0)
 *(.init1)
 *(.init2)
 .init2         0x00000016        0x8 C:\WinAVR\bin\..\lib\gcc-lib\avr\3.3\..\..\..\..\avr\lib\crts2313.o
 *(.init3)
 *(.init4)
 .init4         0x0000001e       0x18 C:\WinAVR\bin\..\lib\gcc-lib\avr\3.3\libgcc.a(_copy_data.o)
                0x0000001e                __do_copy_data
 .init4         0x00000036       0x10 C:\WinAVR\bin\..\lib\gcc-lib\avr\3.3\libgcc.a(_clear_bss.o)
                0x00000036                __do_clear_bss
 *(.init5)
 *(.init6)
 *(.init7)
 *(.init8)
 *(.init9)
 .init9         0x00000046        0x2 C:\WinAVR\bin\..\lib\gcc-lib\avr\3.3\..\..\..\..\avr\lib\crts2313.o
 *(.text)
 .text          0x00000048        0x2 C:\WinAVR\bin\..\lib\gcc-lib\avr\3.3\..\..\..\..\avr\lib\crts2313.o
                0x00000048                __vector_1
                0x00000048                __bad_interrupt
                0x00000048                __vector_6
                0x00000048                __vector_3
                0x00000048                __vector_7
                0x00000048                __vector_4
                0x00000048                __vector_9
                0x00000048                __vector_2
                0x00000048                __vector_8
                0x00000048                __vector_10
 .text          0x0000004a       0xa8 demo.o
                0x0000004a                __vector_5
                0x000000ce                ioinit
                0x000000e6                main
                0x000000f2                . = ALIGN (0x2)
 *(.text.*)
                0x000000f2                . = ALIGN (0x2)
 *(.fini9)
 *(.fini8)
 *(.fini7)
 *(.fini6)
 *(.fini5)
 *(.fini4)
 *(.fini3)
 *(.fini2)
 *(.fini1)
 *(.fini0)
                0x000000f2                _etext = .

.data           0x00800060        0x0 load address 0x000000f2
                0x00800060                PROVIDE (__data_start, .)
 *(.data)
 *(.gnu.linkonce.d*)
                0x00800060                . = ALIGN (0x2)
                0x00800060                _edata = .
                0x00800060                PROVIDE (__data_end, .)

.bss            0x00800060        0x3
                0x00800060                PROVIDE (__bss_start, .)
 *(.bss)
 *(COMMON)
 COMMON         0x00800060        0x3 demo.o
                                  0x0 (size before relaxing)
                0x00800060                direction
                0x00800061                pwm
                0x00800063                PROVIDE (__bss_end, .)
                0x000000f2                __data_load_start = LOADADDR (.data)
                0x000000f2                __data_load_end = (__data_load_start + SIZEOF (.data))

.noinit         0x00800063        0x0
                0x00800063                PROVIDE (__noinit_start, .)
 *(.noinit*)
                0x00800063                PROVIDE (__noinit_end, .)
                0x00800063                _end = .
                0x00800063                PROVIDE (__heap_start, .)

.eeprom         0x00810000        0x0 load address 0x000000f2
 *(.eeprom*)
                0x00810000                __eeprom_end = .

.stab           0x00000000      0x3f0
 *(.stab)
 .stab          0x00000000      0x3f0 demo.o

.stabstr        0x00000000      0x5d1
 *(.stabstr)
 .stabstr       0x00000000      0x5d1 demo.o
                                  0x0 (size before relaxing)

.stab.excl
 *(.stab.excl)

.stab.exclstr
 *(.stab.exclstr)

.stab.index
 *(.stab.index)

.stab.indexstr
 *(.stab.indexstr)

.comment
 *(.comment)

.debug
 *(.debug)

.line
 *(.line)

.debug_srcinfo
 *(.debug_srcinfo)

.debug_sfnames
 *(.debug_sfnames)

.debug_aranges
 *(.debug_aranges)

.debug_pubnames
 *(.debug_pubnames)

.debug_info
 *(.debug_info)
 *(.gnu.linkonce.wi.*)

.debug_abbrev
 *(.debug_abbrev)

.debug_line
 *(.debug_line)

.debug_frame
 *(.debug_frame)

.debug_str
 *(.debug_str)

.debug_loc
 *(.debug_loc)

.debug_macinfo
 *(.debug_macinfo)
OUTPUT(demo.elf elf32-avr)
